[2026-05-27 09:05:18 PM-engine_diagnosis.py-INFO:TEST Epoch:0 * ACC 48.7342 Precision 1.0000 Recall 0.0122 F1 0.0241 AUROC 0.7093 AUPR 0.7184 SPE 1.0000 Loss 0.6922 
 Confusion Matrix 
 tensor([[76,  0],
        [81,  1]], device='cuda:0')]
[2026-05-27 09:05:18 PM-engine_diagnosis.py-INFO:95% CI | ACC [41.1392, 56.9620] Precision [0.0000, 1.0000] Recall [0.0000, 0.0411] F1 [0.0000, 0.0790] AUROC [0.6239, 0.7877] AUPRC [0.6123, 0.8214] SPE [1.0000, 1.0000]]
[2026-05-27 09:05:29 PM-main_diagnosis.py-INFO:Best accuracy: 48.734177215189874]
[2026-05-27 09:05:39 PM-main_diagnosis.py-INFO:Best auroc: 0.7093228498074454]
[2026-05-27 09:07:10 PM-engine_diagnosis.py-INFO:TEST Epoch:1 * ACC 48.1013 Precision 0.0000 Recall 0.0000 F1 0.0000 AUROC 0.7453 AUPR 0.7591 SPE 1.0000 Loss 0.6895 
 Confusion Matrix 
 tensor([[76,  0],
        [82,  0]], device='cuda:0')]
[2026-05-27 09:07:10 PM-engine_diagnosis.py-INFO:95% CI | ACC [40.5063, 56.3291] Precision [0.0000, 0.0000] Recall [0.0000, 0.0000] F1 [0.0000, 0.0000] AUROC [0.6662, 0.8218] AUPRC [0.6558, 0.8526] SPE [1.0000, 1.0000]]
[2026-05-27 09:07:20 PM-main_diagnosis.py-INFO:Best auroc: 0.7453465982028242]
[2026-05-27 09:08:51 PM-engine_diagnosis.py-INFO:TEST Epoch:2 * ACC 52.5316 Precision 0.8182 Recall 0.1098 F1 0.1935 AUROC 0.7534 AUPR 0.7683 SPE 0.9737 Loss 0.6807 
 Confusion Matrix 
 tensor([[74,  2],
        [73,  9]], device='cuda:0')]
[2026-05-27 09:08:51 PM-engine_diagnosis.py-INFO:95% CI | ACC [44.3038, 60.7595] Precision [0.5385, 1.0000] Recall [0.0444, 0.1852] F1 [0.0842, 0.3093] AUROC [0.6736, 0.8287] AUPRC [0.6654, 0.8600] SPE [0.9296, 1.0000]]
[2026-05-27 09:09:02 PM-main_diagnosis.py-INFO:Best accuracy: 52.53164556962025]
[2026-05-27 09:09:12 PM-main_diagnosis.py-INFO:Best auroc: 0.7533697047496789]
[2026-05-27 09:10:43 PM-engine_diagnosis.py-INFO:TEST Epoch:3 * ACC 60.1266 Precision 0.8800 Recall 0.2683 F1 0.4112 AUROC 0.7530 AUPR 0.7725 SPE 0.9605 Loss 0.6642 
 Confusion Matrix 
 tensor([[73,  3],
        [60, 22]], device='cuda:0')]
[2026-05-27 09:10:43 PM-engine_diagnosis.py-INFO:95% CI | ACC [52.5316, 68.3544] Precision [0.7391, 1.0000] Recall [0.1750, 0.3696] F1 [0.2884, 0.5273] AUROC [0.6726, 0.8282] AUPRC [0.6683, 0.8609] SPE [0.9091, 1.0000]]
[2026-05-27 09:10:54 PM-main_diagnosis.py-INFO:Best accuracy: 60.12658227848101]
[2026-05-27 09:12:25 PM-engine_diagnosis.py-INFO:TEST Epoch:4 * ACC 64.5570 Precision 0.7708 Recall 0.4512 F1 0.5692 AUROC 0.7455 AUPR 0.7704 SPE 0.8553 Loss 0.6270 
 Confusion Matrix 
 tensor([[65, 11],
        [45, 37]], device='cuda:0')]
[2026-05-27 09:12:25 PM-engine_diagnosis.py-INFO:95% CI | ACC [56.9620, 72.7848] Precision [0.6444, 0.8847] Recall [0.3409, 0.5682] F1 [0.4561, 0.6715] AUROC [0.6628, 0.8198] AUPRC [0.6703, 0.8530] SPE [0.7692, 0.9315]]
[2026-05-27 09:12:34 PM-main_diagnosis.py-INFO:Best accuracy: 64.55696202531645]
[2026-05-27 09:14:14 PM-engine_diagnosis.py-INFO:TEST Epoch:5 * ACC 67.0886 Precision 0.8261 Recall 0.4634 F1 0.5938 AUROC 0.7581 AUPR 0.7800 SPE 0.8947 Loss 0.6563 
 Confusion Matrix 
 tensor([[68,  8],
        [44, 38]], device='cuda:0')]
[2026-05-27 09:14:14 PM-engine_diagnosis.py-INFO:95% CI | ACC [59.4937, 75.3165] Precision [0.7083, 0.9273] Recall [0.3552, 0.5795] F1 [0.4839, 0.6936] AUROC [0.6762, 0.8327] AUPRC [0.6803, 0.8625] SPE [0.8133, 0.9600]]
[2026-05-27 09:14:24 PM-main_diagnosis.py-INFO:Best accuracy: 67.08860759493672]
[2026-05-27 09:14:35 PM-main_diagnosis.py-INFO:Best auroc: 0.7581033376123235]
[2026-05-27 09:16:06 PM-engine_diagnosis.py-INFO:TEST Epoch:6 * ACC 68.9873 Precision 0.7391 Recall 0.6220 F1 0.6755 AUROC 0.7652 AUPR 0.7811 SPE 0.7632 Loss 0.6264 
 Confusion Matrix 
 tensor([[58, 18],
        [31, 51]], device='cuda:0')]
[2026-05-27 09:16:06 PM-engine_diagnosis.py-INFO:95% CI | ACC [61.3924, 75.9494] Precision [0.6324, 0.8387] Recall [0.5128, 0.7253] F1 [0.5810, 0.7561] AUROC [0.6845, 0.8382] AUPRC [0.6824, 0.8679] SPE [0.6620, 0.8500]]
[2026-05-27 09:16:17 PM-main_diagnosis.py-INFO:Best accuracy: 68.9873417721519]
[2026-05-27 09:16:27 PM-main_diagnosis.py-INFO:Best auroc: 0.7652439024390244]
[2026-05-27 09:18:06 PM-engine_diagnosis.py-INFO:TEST Epoch:7 * ACC 70.2532 Precision 0.7966 Recall 0.5732 F1 0.6667 AUROC 0.7701 AUPR 0.7832 SPE 0.8421 Loss 0.6242 
 Confusion Matrix 
 tensor([[64, 12],
        [35, 47]], device='cuda:0')]
[2026-05-27 09:18:06 PM-engine_diagnosis.py-INFO:95% CI | ACC [63.2911, 77.2152] Precision [0.6889, 0.8947] Recall [0.4623, 0.6812] F1 [0.5655, 0.7517] AUROC [0.6886, 0.8435] AUPRC [0.6804, 0.8707] SPE [0.7534, 0.9167]]
[2026-05-27 09:18:16 PM-main_diagnosis.py-INFO:Best accuracy: 70.25316455696202]
[2026-05-27 09:18:27 PM-main_diagnosis.py-INFO:Best auroc: 0.7700577663671374]
[2026-05-27 09:20:04 PM-engine_diagnosis.py-INFO:TEST Epoch:8 * ACC 71.5190 Precision 0.8033 Recall 0.5976 F1 0.6853 AUROC 0.7746 AUPR 0.7890 SPE 0.8421 Loss 0.6072 
 Confusion Matrix 
 tensor([[64, 12],
        [33, 49]], device='cuda:0')]
[2026-05-27 09:20:04 PM-engine_diagnosis.py-INFO:95% CI | ACC [64.5570, 78.4810] Precision [0.6984, 0.9000] Recall [0.4889, 0.7042] F1 [0.5891, 0.7693] AUROC [0.6956, 0.8484] AUPRC [0.6889, 0.8738] SPE [0.7500, 0.9211]]
[2026-05-27 09:20:15 PM-main_diagnosis.py-INFO:Best accuracy: 71.51898734177216]
[2026-05-27 09:20:25 PM-main_diagnosis.py-INFO:Best auroc: 0.7745507060333761]
[2026-05-27 09:22:01 PM-engine_diagnosis.py-INFO:TEST Epoch:9 * ACC 72.1519 Precision 0.8065 Recall 0.6098 F1 0.6944 AUROC 0.7757 AUPR 0.7902 SPE 0.8421 Loss 0.6044 
 Confusion Matrix 
 tensor([[64, 12],
        [32, 50]], device='cuda:0')]
[2026-05-27 09:22:01 PM-engine_diagnosis.py-INFO:95% CI | ACC [65.1899, 79.1139] Precision [0.7000, 0.9016] Recall [0.5000, 0.7143] F1 [0.6015, 0.7771] AUROC [0.6970, 0.8488] AUPRC [0.6897, 0.8747] SPE [0.7500, 0.9211]]
[2026-05-27 09:22:11 PM-main_diagnosis.py-INFO:Best accuracy: 72.15189873417721]
[2026-05-27 09:22:21 PM-main_diagnosis.py-INFO:Best auroc: 0.7756739409499358]
[2026-05-27 09:22:21 PM-main_diagnosis.py-INFO:Training time 0:18:47, best acc: 72.151899, best auroc: 0.775674]
